Restore Archived Project report for top
Sun Jan 15 12:29:32 2023
Quartus Prime Version 22.4.0 Build 94 12/07/2022 SC Pro Edition


---------------------
; Table of Contents ;
---------------------
  1. Legal Notice
  2. Restore Archived Project Summary
  3. Restore Archived Project Messages
  4. Files Restored
  5. Files Not Restored



----------------
; Legal Notice ;
----------------
Copyright (C) 2022  Intel Corporation. All rights reserved.
Your use of Intel Corporation's design tools, logic functions 
and other software and tools, and any partner logic 
functions, and any output files from any of the foregoing 
(including device programming or simulation files), and any 
associated documentation or information are expressly subject 
to the terms and conditions of the Intel Program License 
Subscription Agreement, the Intel Quartus Prime License Agreement,
the Intel FPGA IP License Agreement, or other applicable license
agreement, including, without limitation, that your use is for
the sole purpose of programming logic devices manufactured by
Intel and sold by Intel or its authorized distributors.  Please
refer to the applicable agreement for further details, at
https://fpgasoftware.intel.com/eula.



+-------------------------------------------------------------------------+
; Restore Archived Project Summary                                        ;
+---------------------------------+---------------------------------------+
; Restore Archived Project Status ; Successful - Sun Jan 15 12:29:32 2023 ;
; Revision Name                   ; top                                   ;
; Top-level Entity Name           ; top                                   ;
; Family                          ; Arria 10                              ;
+---------------------------------+---------------------------------------+


+-----------------------------------+
; Restore Archived Project Messages ;
+-----------------------------------+
Info: Extracted 'C:/work/Nios/Software_Read_Write_Example/NiosV_Read_Write_Example_C/top_22_4_0_94.qar'
Info: Generated report 'top.restore.rpt'
Info (23030): Evaluation of Tcl script c:/intelfpga_pro/22.4/quartus/common/tcl/apps/qpm/qar.tcl was successful
Info: Quartus Prime Shell was successful. 0 errors, 0 warnings
    Info: Peak virtual memory: 450 megabytes
    Info: Processing ended: Sun Jan 15 12:29:33 2023
    Info: Elapsed time: 00:00:03
    Info: System process ID: 20036


+--------------------------------------------------------------------------------------------------------------------------------------+
; Files Restored                                                                                                                       ;
+--------------------------------------------------------------------------------------------------------------------------------------+
; File Name                                                                                                                            ;
+--------------------------------------------------------------------------------------------------------------------------------------+
; qar_info.json                                                                                                                        ;
; assignment_defaults.qdf                                                                                                              ;
; data_instruction_ram.hex                                                                                                             ;
; ip/sys/cpu.ip                                                                                                                        ;
; ip/sys/cpu/altera_irq_mapper_2000/synth/cpu_altera_irq_mapper_2000_2cmrx4y.sv                                                        ;
; ip/sys/cpu/cpu.cmp                                                                                                                   ;
; ip/sys/cpu/cpu.html                                                                                                                  ;
; ip/sys/cpu/cpu.qgsynthc                                                                                                              ;
; ip/sys/cpu/cpu.qip                                                                                                                   ;
; ip/sys/cpu/cpu.sopcinfo                                                                                                              ;
; ip/sys/cpu/cpu.xml                                                                                                                   ;
; ip/sys/cpu/cpu_bb.v                                                                                                                  ;
; ip/sys/cpu/cpu_generation.rpt                                                                                                        ;
; ip/sys/cpu/cpu_inst.v                                                                                                                ;
; ip/sys/cpu/cpu_inst.vhd                                                                                                              ;
; ip/sys/cpu/intel_niosv_m_2240/synth/cpu_intel_niosv_m_2240_jyazqvy.v                                                                 ;
; ip/sys/cpu/intel_niosv_m_dbg_mod_110/synth/altera_avalon_st_clock_crosser.v                                                          ;
; ip/sys/cpu/intel_niosv_m_dbg_mod_110/synth/altera_avalon_st_handshake_clock_crosser.sdc                                              ;
; ip/sys/cpu/intel_niosv_m_dbg_mod_110/synth/altera_avalon_st_handshake_clock_crosser.v                                                ;
; ip/sys/cpu/intel_niosv_m_dbg_mod_110/synth/altera_avalon_st_pipeline_base.v                                                          ;
; ip/sys/cpu/intel_niosv_m_dbg_mod_110/synth/altera_avalon_st_pipeline_stage.sv                                                        ;
; ip/sys/cpu/intel_niosv_m_dbg_mod_110/synth/altera_reset_controller.sdc                                                               ;
; ip/sys/cpu/intel_niosv_m_dbg_mod_110/synth/altera_reset_controller.v                                                                 ;
; ip/sys/cpu/intel_niosv_m_dbg_mod_110/synth/altera_reset_synchronizer.v                                                               ;
; ip/sys/cpu/intel_niosv_m_dbg_mod_110/synth/altera_std_synchronizer.v                                                                 ;
; ip/sys/cpu/intel_niosv_m_dbg_mod_110/synth/altera_std_synchronizer_bundle.v                                                          ;
; ip/sys/cpu/intel_niosv_m_dbg_mod_110/synth/altera_std_synchronizer_nocut.v                                                           ;
; ip/sys/cpu/intel_niosv_m_dbg_mod_110/synth/debug_module.sv                                                                           ;
; ip/sys/cpu/intel_niosv_m_dbg_mod_110/synth/debug_rom.sv                                                                              ;
; ip/sys/cpu/intel_niosv_m_dbg_mod_110/synth/dm_def.sv                                                                                 ;
; ip/sys/cpu/intel_niosv_m_dbg_mod_110/synth/dm_jtag2mm.sv                                                                             ;
; ip/sys/cpu/intel_niosv_m_dbg_mod_110/synth/dm_top.sv                                                                                 ;
; ip/sys/cpu/intel_niosv_m_unit_2141/synth/altera_reset_controller.sdc                                                                 ;
; ip/sys/cpu/intel_niosv_m_unit_2141/synth/altera_reset_controller.v                                                                   ;
; ip/sys/cpu/intel_niosv_m_unit_2141/synth/altera_reset_synchronizer.v                                                                 ;
; ip/sys/cpu/intel_niosv_m_unit_2141/synth/alu.sv                                                                                      ;
; ip/sys/cpu/intel_niosv_m_unit_2141/synth/csr.sv                                                                                      ;
; ip/sys/cpu/intel_niosv_m_unit_2141/synth/instr_decoder.sv                                                                            ;
; ip/sys/cpu/intel_niosv_m_unit_2141/synth/instr_prefetch.sv                                                                           ;
; ip/sys/cpu/intel_niosv_m_unit_2141/synth/instruction_buffer.sv                                                                       ;
; ip/sys/cpu/intel_niosv_m_unit_2141/synth/interrupt_handler.sv                                                                        ;
; ip/sys/cpu/intel_niosv_m_unit_2141/synth/lsu.sv                                                                                      ;
; ip/sys/cpu/intel_niosv_m_unit_2141/synth/mult_module.sv                                                                              ;
; ip/sys/cpu/intel_niosv_m_unit_2141/synth/nios_top.sv                                                                                 ;
; ip/sys/cpu/intel_niosv_m_unit_2141/synth/opcode_def.sv                                                                               ;
; ip/sys/cpu/intel_niosv_m_unit_2141/synth/reg_file.sv                                                                                 ;
; ip/sys/cpu/intel_niosv_m_unit_2141/synth/shift_module.sv                                                                             ;
; ip/sys/cpu/intel_niosv_timer_msip_110/synth/timer_msip.sv                                                                            ;
; ip/sys/cpu/synth/cpu.v                                                                                                               ;
; ip/sys/data_instruction_ram.ip                                                                                                       ;
; ip/sys/data_instruction_ram/altera_avalon_onchip_memory2_1936/synth/data_instruction_ram_altera_avalon_onchip_memory2_1936_haggmgy.v ;
; ip/sys/data_instruction_ram/data_instruction_ram.cmp                                                                                 ;
; ip/sys/data_instruction_ram/data_instruction_ram.html                                                                                ;
; ip/sys/data_instruction_ram/data_instruction_ram.qgsynthc                                                                            ;
; ip/sys/data_instruction_ram/data_instruction_ram.qip                                                                                 ;
; ip/sys/data_instruction_ram/data_instruction_ram.sopcinfo                                                                            ;
; ip/sys/data_instruction_ram/data_instruction_ram.xml                                                                                 ;
; ip/sys/data_instruction_ram/data_instruction_ram_bb.v                                                                                ;
; ip/sys/data_instruction_ram/data_instruction_ram_generation.rpt                                                                      ;
; ip/sys/data_instruction_ram/data_instruction_ram_inst.v                                                                              ;
; ip/sys/data_instruction_ram/data_instruction_ram_inst.vhd                                                                            ;
; ip/sys/data_instruction_ram/synth/data_instruction_ram.v                                                                             ;
; ip/sys/jtag_uart.ip                                                                                                                  ;
; ip/sys/jtag_uart/altera_avalon_jtag_uart_1920/synth/jtag_uart_altera_avalon_jtag_uart_1920_vygddhy.v                                 ;
; ip/sys/jtag_uart/jtag_uart.cmp                                                                                                       ;
; ip/sys/jtag_uart/jtag_uart.html                                                                                                      ;
; ip/sys/jtag_uart/jtag_uart.qgsynthc                                                                                                  ;
; ip/sys/jtag_uart/jtag_uart.qip                                                                                                       ;
; ip/sys/jtag_uart/jtag_uart.regmap                                                                                                    ;
; ip/sys/jtag_uart/jtag_uart.sopcinfo                                                                                                  ;
; ip/sys/jtag_uart/jtag_uart.xml                                                                                                       ;
; ip/sys/jtag_uart/jtag_uart_bb.v                                                                                                      ;
; ip/sys/jtag_uart/jtag_uart_generation.rpt                                                                                            ;
; ip/sys/jtag_uart/jtag_uart_inst.v                                                                                                    ;
; ip/sys/jtag_uart/jtag_uart_inst.vhd                                                                                                  ;
; ip/sys/jtag_uart/synth/jtag_uart.v                                                                                                   ;
; ip/sys/pio_8bit.ip                                                                                                                   ;
; ip/sys/pio_8bit/altera_avalon_pio_1920/synth/pio_8bit_altera_avalon_pio_1920_5tol3wi.v                                               ;
; ip/sys/pio_8bit/pio_8bit.cmp                                                                                                         ;
; ip/sys/pio_8bit/pio_8bit.html                                                                                                        ;
; ip/sys/pio_8bit/pio_8bit.qgsynthc                                                                                                    ;
; ip/sys/pio_8bit/pio_8bit.qip                                                                                                         ;
; ip/sys/pio_8bit/pio_8bit.regmap                                                                                                      ;
; ip/sys/pio_8bit/pio_8bit.sopcinfo                                                                                                    ;
; ip/sys/pio_8bit/pio_8bit.xml                                                                                                         ;
; ip/sys/pio_8bit/pio_8bit_bb.v                                                                                                        ;
; ip/sys/pio_8bit/pio_8bit_generation.rpt                                                                                              ;
; ip/sys/pio_8bit/pio_8bit_inst.v                                                                                                      ;
; ip/sys/pio_8bit/pio_8bit_inst.vhd                                                                                                    ;
; ip/sys/pio_8bit/synth/pio_8bit.v                                                                                                     ;
; ip/sys/ram_32bit.ip                                                                                                                  ;
; ip/sys/ram_32bit/altera_avalon_onchip_memory2_1936/synth/ram_32bit_altera_avalon_onchip_memory2_1936_npz5r5y.v                       ;
; ip/sys/ram_32bit/ram_32bit.cmp                                                                                                       ;
; ip/sys/ram_32bit/ram_32bit.html                                                                                                      ;
; ip/sys/ram_32bit/ram_32bit.qgsynthc                                                                                                  ;
; ip/sys/ram_32bit/ram_32bit.qip                                                                                                       ;
; ip/sys/ram_32bit/ram_32bit.sopcinfo                                                                                                  ;
; ip/sys/ram_32bit/ram_32bit.xml                                                                                                       ;
; ip/sys/ram_32bit/ram_32bit_bb.v                                                                                                      ;
; ip/sys/ram_32bit/ram_32bit_generation.rpt                                                                                            ;
; ip/sys/ram_32bit/ram_32bit_inst.v                                                                                                    ;
; ip/sys/ram_32bit/ram_32bit_inst.vhd                                                                                                  ;
; ip/sys/ram_32bit/synth/ram_32bit.v                                                                                                   ;
; ip/sys/sys_clock_in.ip                                                                                                               ;
; ip/sys/sys_clock_in/synth/sys_clock_in.v                                                                                             ;
; ip/sys/sys_clock_in/sys_clock_in.cmp                                                                                                 ;
; ip/sys/sys_clock_in/sys_clock_in.html                                                                                                ;
; ip/sys/sys_clock_in/sys_clock_in.qgsynthc                                                                                            ;
; ip/sys/sys_clock_in/sys_clock_in.qip                                                                                                 ;
; ip/sys/sys_clock_in/sys_clock_in.sopcinfo                                                                                            ;
; ip/sys/sys_clock_in/sys_clock_in.xml                                                                                                 ;
; ip/sys/sys_clock_in/sys_clock_in_bb.v                                                                                                ;
; ip/sys/sys_clock_in/sys_clock_in_generation.rpt                                                                                      ;
; ip/sys/sys_clock_in/sys_clock_in_inst.v                                                                                              ;
; ip/sys/sys_clock_in/sys_clock_in_inst.vhd                                                                                            ;
; ip/sys/sys_reset_in.ip                                                                                                               ;
; ip/sys/sys_reset_in/synth/sys_reset_in.v                                                                                             ;
; ip/sys/sys_reset_in/sys_reset_in.cmp                                                                                                 ;
; ip/sys/sys_reset_in/sys_reset_in.html                                                                                                ;
; ip/sys/sys_reset_in/sys_reset_in.qgsynthc                                                                                            ;
; ip/sys/sys_reset_in/sys_reset_in.qip                                                                                                 ;
; ip/sys/sys_reset_in/sys_reset_in.sopcinfo                                                                                            ;
; ip/sys/sys_reset_in/sys_reset_in.xml                                                                                                 ;
; ip/sys/sys_reset_in/sys_reset_in_bb.v                                                                                                ;
; ip/sys/sys_reset_in/sys_reset_in_generation.rpt                                                                                      ;
; ip/sys/sys_reset_in/sys_reset_in_inst.v                                                                                              ;
; ip/sys/sys_reset_in/sys_reset_in_inst.vhd                                                                                            ;
; program_fpga.tcl                                                                                                                     ;
; sys.qsys                                                                                                                             ;
; sys/altera_avalon_sc_fifo_1930/sim/sys_altera_avalon_sc_fifo_1930_pqv24kq.v                                                          ;
; sys/altera_avalon_sc_fifo_1931/synth/sys_altera_avalon_sc_fifo_1931_fzgstwy.v                                                        ;
; sys/altera_avalon_st_pipeline_stage_1920/sim/altera_avalon_st_pipeline_base.v                                                        ;
; sys/altera_avalon_st_pipeline_stage_1920/sim/sys_altera_avalon_st_pipeline_stage_1920_zterisq.sv                                     ;
; sys/altera_avalon_st_pipeline_stage_1920/synth/altera_avalon_st_pipeline_base.v                                                      ;
; sys/altera_avalon_st_pipeline_stage_1920/synth/sys_altera_avalon_st_pipeline_stage_1920_zterisq.sv                                   ;
; sys/altera_irq_mapper_1920/sim/sys_altera_irq_mapper_1920_jj7diii.sv                                                                 ;
; sys/altera_irq_mapper_2000/synth/sys_altera_irq_mapper_2000_jmwos4i.sv                                                               ;
; sys/altera_merlin_axi_master_ni_1931/sim/altera_merlin_address_alignment.sv                                                          ;
; sys/altera_merlin_axi_master_ni_1931/sim/sys_altera_merlin_axi_master_ni_1931_fofi6ka.sv                                             ;
; sys/altera_merlin_axi_master_ni_1941/synth/altera_merlin_address_alignment.sv                                                        ;
; sys/altera_merlin_axi_master_ni_1941/synth/sys_altera_merlin_axi_master_ni_1941_dfsyzvi.sv                                           ;
; sys/altera_merlin_axi_translator_1920/sim/sys_altera_merlin_axi_translator_1920_hvn5ezy.sv                                           ;
; sys/altera_merlin_axi_translator_1921/synth/sys_altera_merlin_axi_translator_1921_uetfduq.sv                                         ;
; sys/altera_merlin_burst_adapter_1921/sim/altera_default_burst_converter.sv                                                           ;
; sys/altera_merlin_burst_adapter_1921/sim/altera_incr_burst_converter.sv                                                              ;
; sys/altera_merlin_burst_adapter_1921/sim/altera_merlin_address_alignment.sv                                                          ;
; sys/altera_merlin_burst_adapter_1921/sim/altera_merlin_burst_adapter_13_1.sv                                                         ;
; sys/altera_merlin_burst_adapter_1921/sim/altera_merlin_burst_adapter_new.sv                                                          ;
; sys/altera_merlin_burst_adapter_1921/sim/altera_merlin_burst_adapter_uncmpr.sv                                                       ;
; sys/altera_merlin_burst_adapter_1921/sim/altera_wrap_burst_converter.sv                                                              ;
; sys/altera_merlin_burst_adapter_1921/sim/sys_altera_merlin_burst_adapter_1921_zxdp55y.sv                                             ;
; sys/altera_merlin_burst_adapter_1921/sim/sys_altera_merlin_burst_adapter_altera_avalon_st_pipeline_stage_1921_ilhn4ca.v              ;
; sys/altera_merlin_burst_adapter_1923/synth/altera_default_burst_converter.sv                                                         ;
; sys/altera_merlin_burst_adapter_1923/synth/altera_incr_burst_converter.sv                                                            ;
; sys/altera_merlin_burst_adapter_1923/synth/altera_merlin_address_alignment.sv                                                        ;
; sys/altera_merlin_burst_adapter_1923/synth/altera_merlin_burst_adapter_13_1.sv                                                       ;
; sys/altera_merlin_burst_adapter_1923/synth/altera_merlin_burst_adapter_new.sv                                                        ;
; sys/altera_merlin_burst_adapter_1923/synth/altera_merlin_burst_adapter_uncmpr.sv                                                     ;
; sys/altera_merlin_burst_adapter_1923/synth/altera_wrap_burst_converter.sv                                                            ;
; sys/altera_merlin_burst_adapter_1923/synth/sys_altera_merlin_burst_adapter_1923_oaocjua.sv                                           ;
; sys/altera_merlin_burst_adapter_1923/synth/sys_altera_merlin_burst_adapter_altera_avalon_st_pipeline_stage_1923_agj5fpq.v            ;
; sys/altera_merlin_demultiplexer_1921/sim/sys_altera_merlin_demultiplexer_1921_4uzatya.sv                                             ;
; sys/altera_merlin_demultiplexer_1921/sim/sys_altera_merlin_demultiplexer_1921_t67wuei.sv                                             ;
; sys/altera_merlin_demultiplexer_1921/sim/sys_altera_merlin_demultiplexer_1921_uhj3cxy.sv                                             ;
; sys/altera_merlin_demultiplexer_1921/sim/sys_altera_merlin_demultiplexer_1921_zi4ncjq.sv                                             ;
; sys/altera_merlin_demultiplexer_1921/synth/sys_altera_merlin_demultiplexer_1921_4uzatya.sv                                           ;
; sys/altera_merlin_demultiplexer_1921/synth/sys_altera_merlin_demultiplexer_1921_t67wuei.sv                                           ;
; sys/altera_merlin_demultiplexer_1921/synth/sys_altera_merlin_demultiplexer_1921_uhj3cxy.sv                                           ;
; sys/altera_merlin_demultiplexer_1921/synth/sys_altera_merlin_demultiplexer_1921_zi4ncjq.sv                                           ;
; sys/altera_merlin_multiplexer_1921/sim/altera_merlin_arbitrator.sv                                                                   ;
; sys/altera_merlin_multiplexer_1921/sim/sys_altera_merlin_multiplexer_1921_jngkzvq.sv                                                 ;
; sys/altera_merlin_multiplexer_1921/sim/sys_altera_merlin_multiplexer_1921_kzbeajq.sv                                                 ;
; sys/altera_merlin_multiplexer_1921/sim/sys_altera_merlin_multiplexer_1921_ue6isla.sv                                                 ;
; sys/altera_merlin_multiplexer_1921/sim/sys_altera_merlin_multiplexer_1921_wu2ge4i.sv                                                 ;
; sys/altera_merlin_multiplexer_1921/synth/altera_merlin_arbitrator.sv                                                                 ;
; sys/altera_merlin_multiplexer_1921/synth/sys_altera_merlin_multiplexer_1921_jngkzvq.sv                                               ;
; sys/altera_merlin_multiplexer_1921/synth/sys_altera_merlin_multiplexer_1921_kzbeajq.sv                                               ;
; sys/altera_merlin_multiplexer_1921/synth/sys_altera_merlin_multiplexer_1921_ue6isla.sv                                               ;
; sys/altera_merlin_multiplexer_1921/synth/sys_altera_merlin_multiplexer_1921_wu2ge4i.sv                                               ;
; sys/altera_merlin_router_1920/sim/sys_altera_merlin_router_1920_2436o5i.sv                                                           ;
; sys/altera_merlin_router_1920/sim/sys_altera_merlin_router_1920_3qrggba.sv                                                           ;
; sys/altera_merlin_router_1920/sim/sys_altera_merlin_router_1920_tvl2ohi.sv                                                           ;
; sys/altera_merlin_router_1920/sim/sys_altera_merlin_router_1920_x3w7b7a.sv                                                           ;
; sys/altera_merlin_router_1921/synth/sys_altera_merlin_router_1921_6rd532q.sv                                                         ;
; sys/altera_merlin_router_1921/synth/sys_altera_merlin_router_1921_de7zf3y.sv                                                         ;
; sys/altera_merlin_router_1921/synth/sys_altera_merlin_router_1921_kc7hi3q.sv                                                         ;
; sys/altera_merlin_router_1921/synth/sys_altera_merlin_router_1921_lkye3cy.sv                                                         ;
; sys/altera_merlin_slave_agent_191/sim/altera_merlin_burst_uncompressor.sv                                                            ;
; sys/altera_merlin_slave_agent_191/sim/sys_altera_merlin_slave_agent_191_ncfkfri.sv                                                   ;
; sys/altera_merlin_slave_agent_191/synth/altera_merlin_burst_uncompressor.sv                                                          ;
; sys/altera_merlin_slave_agent_191/synth/sys_altera_merlin_slave_agent_191_ncfkfri.sv                                                 ;
; sys/altera_merlin_slave_translator_191/sim/sys_altera_merlin_slave_translator_191_x56fcki.sv                                         ;
; sys/altera_merlin_slave_translator_191/synth/sys_altera_merlin_slave_translator_191_x56fcki.sv                                       ;
; sys/altera_merlin_traffic_limiter_191/sim/altera_avalon_st_pipeline_base.v                                                           ;
; sys/altera_merlin_traffic_limiter_191/sim/altera_merlin_reorder_memory.sv                                                            ;
; sys/altera_merlin_traffic_limiter_191/sim/sys_altera_merlin_traffic_limiter_191_kcba44q.sv                                           ;
; sys/altera_merlin_traffic_limiter_191/sim/sys_altera_merlin_traffic_limiter_altera_avalon_sc_fifo_191_zonrf6q.v                      ;
; sys/altera_merlin_traffic_limiter_191/synth/altera_avalon_st_pipeline_base.v                                                         ;
; sys/altera_merlin_traffic_limiter_191/synth/altera_merlin_reorder_memory.sv                                                          ;
; sys/altera_merlin_traffic_limiter_191/synth/sys_altera_merlin_traffic_limiter_191_kcba44q.sv                                         ;
; sys/altera_merlin_traffic_limiter_191/synth/sys_altera_merlin_traffic_limiter_altera_avalon_sc_fifo_191_2ipcapi.v                    ;
; sys/altera_mm_interconnect_1920/sim/sys_altera_mm_interconnect_1920_5k4ctly.v                                                        ;
; sys/altera_mm_interconnect_1920/synth/sys_altera_mm_interconnect_1920_mnbxshq.v                                                      ;
; sys/altera_reset_controller_1921/sim/altera_reset_controller.sdc                                                                     ;
; sys/altera_reset_controller_1921/sim/altera_reset_controller.v                                                                       ;
; sys/altera_reset_controller_1921/sim/altera_reset_synchronizer.v                                                                     ;
; sys/altera_reset_controller_1921/synth/altera_reset_controller.sdc                                                                   ;
; sys/altera_reset_controller_1921/synth/altera_reset_controller.v                                                                     ;
; sys/altera_reset_controller_1921/synth/altera_reset_synchronizer.v                                                                   ;
; sys/sim/common/modelsim_files.tcl                                                                                                    ;
; sys/sim/mentor/msim_setup.tcl                                                                                                        ;
; sys/sim/sys.v                                                                                                                        ;
; sys/synth/sys.v                                                                                                                      ;
; sys/sys.bsf                                                                                                                          ;
; sys/sys.cmp                                                                                                                          ;
; sys/sys.csv                                                                                                                          ;
; sys/sys.html                                                                                                                         ;
; sys/sys.qgsimc                                                                                                                       ;
; sys/sys.qgsynthc                                                                                                                     ;
; sys/sys.qip                                                                                                                          ;
; sys/sys.regmap                                                                                                                       ;
; sys/sys.sopcinfo                                                                                                                     ;
; sys/sys.spd                                                                                                                          ;
; sys/sys.xml                                                                                                                          ;
; sys/sys_bb.v                                                                                                                         ;
; sys/sys_generation.rpt                                                                                                               ;
; sys/sys_generation_previous.rpt                                                                                                      ;
; sys/sys_inst.v                                                                                                                       ;
; sys/sys_inst.vhd                                                                                                                     ;
; tmp-clearbox/top/18600/a_dpfifo_5u41.tdf                                                                                             ;
; tmp-clearbox/top/18600/a_fefifo_7cf.tdf                                                                                              ;
; tmp-clearbox/top/18600/altera_syncram_1v12.tdf                                                                                       ;
; tmp-clearbox/top/18600/altsyncram_7gs1.tdf                                                                                           ;
; tmp-clearbox/top/18600/altsyncram_9764.tdf                                                                                           ;
; tmp-clearbox/top/18600/altsyncram_cvk1.tdf                                                                                           ;
; tmp-clearbox/top/18600/altsyncram_h0h1.tdf                                                                                           ;
; tmp-clearbox/top/18600/cntr_09b.tdf                                                                                                  ;
; tmp-clearbox/top/18600/cntr_c97.tdf                                                                                                  ;
; tmp-clearbox/top/18600/decode_qda.tdf                                                                                                ;
; tmp-clearbox/top/18600/mux_n9b.tdf                                                                                                   ;
; tmp-clearbox/top/18600/scfifo_3p61.tdf                                                                                               ;
; toggle_issp.tcl                                                                                                                      ;
; top.qpf                                                                                                                              ;
; top.qsf                                                                                                                              ;
; top.sdc                                                                                                                              ;
; top.sv                                                                                                                               ;
; top_assignment_defaults.qdf                                                                                                          ;
+--------------------------------------------------------------------------------------------------------------------------------------+


+--------------------+
; Files Not Restored ;
+--------------------+
; File Name          ;
+--------------------+


